<prover>
  <k>
    .
  </k>
  <exit-code>
    0
  </exit-code>
  <goals>
    <goal>
      active: true, id: root, parent: .
      <k>
        \implies ( \and ( .Patterns ) , \and ( \or ( \equals ( Vx { Int } , Vx { Int } ) , .Patterns ) , .Patterns ) )
      </k>
      <strategy>
        success
      </strategy>
      <expected>
        success
      </expected>
    <trace>
      smt-cvc4
    </trace>
  </goals>
  <declarations>
    .DeclarationCellSet
  </declarations>
</prover>
