<prover>
  <goal>
    <id>
      0
    </id>
    <active>
      true
    </active>
    <parent>
      -1
    </parent>
    <k>
      \implies ( \and ( \equals ( variable ( "S" ) , emptyset ) , .Patterns ) , \and ( \equals ( variable ( "S" ) , emptyset ) , .Patterns ) )
    </k>
    <strategy>
      success
    </strategy>
    <trace>
      right-unfold
    </trace>
  </goal>
</prover>
