<prover>
  <goal>
    <id>
      root
    </id>
    <active>
      true
    </active>
    <parent>
      .
    </parent>
    <k>
      \implies ( \and ( always ( \implies ( phi , wnext ( phi ) ) ) , phi , .Patterns ) , \top ( ) )
    </k>
    <strategy>
      success
    </strategy>
    <trace>
      .
    </trace>
  </goal>
</prover>
