<prover>
  <k>
    .
  </k>
  <exit-code>
    0
  </exit-code>
  <goals>
    <goal>
      active: true, id: root, parent: .
      <claim>
        \not ( \exists { Vx { Int } , .Patterns } \and ( \not ( \equals ( Vx { Int } , Vx { Int } ) ) , .Patterns ) )
      </claim>
      <strategy>
        success
      </strategy>
      <expected>
        success
      </expected>
    <trace>
      smt-cvc4
    </trace>
  </goals>
  <declarations>
    .DeclarationCellSet
  </declarations>
</prover>
